.test-style{font-size:14px;text-decoration:unset;box-shadow:0 0 5 #000000}